  gen     0 task= 0 train=   13.1 t0=  352.5 t1=    9.4 gen'ist=    9.4
  gen    50 task= 0 train=  401.2 t0=  500.0 t1=    9.2 gen'ist=    9.2
  gen   100 task= 0 train=  458.1 t0=  500.0 t1=   11.4 gen'ist=   11.4
  gen   150 task= 0 train=  492.3 t0=  500.0 t1=    9.6 gen'ist=    9.6
  checkpoint: generation 200 -> <runs>/trials/ga/seed_42/training/attempt_001/resume.pkl
  gen   200 task= 1 train=   10.2 t0=  291.7 t1=   16.3 gen'ist=   16.3
  gen   250 task= 1 train=  453.1 t0=    9.5 t1=  500.0 gen'ist=    9.5
  gen   300 task= 1 train=  481.9 t0=    9.9 t1=  500.0 gen'ist=    9.9
  gen   350 task= 1 train=  484.5 t0=    9.1 t1=  500.0 gen'ist=    9.1
  checkpoint: generation 400 -> <runs>/trials/ga/seed_42/training/attempt_001/resume.pkl
  gen   400 task= 0 train=    9.8 t0=   12.1 t1=  500.0 gen'ist=   12.1
  gen   450 task= 0 train=  492.3 t0=  500.0 t1=    9.9 gen'ist=    9.9
  gen   500 task= 0 train=  494.4 t0=  500.0 t1=   10.6 gen'ist=   10.6
  gen   550 task= 0 train=  492.7 t0=  500.0 t1=   11.3 gen'ist=   11.3
  checkpoint: generation 600 -> <runs>/trials/ga/seed_42/training/attempt_001/resume.pkl
  gen   600 task= 1 train=    9.8 t0=  419.0 t1=   13.0 gen'ist=   13.0
  gen   650 task= 1 train=  480.7 t0=    9.5 t1=  500.0 gen'ist=    9.5
  gen   700 task= 1 train=  487.5 t0=    9.7 t1=  500.0 gen'ist=    9.7
  gen   750 task= 1 train=  489.9 t0=   10.3 t1=  500.0 gen'ist=   10.3
  checkpoint: generation 800 -> <runs>/trials/ga/seed_42/training/attempt_001/resume.pkl
  gen   800 task= 0 train=    9.9 t0=   11.6 t1=  500.0 gen'ist=   11.6
  gen   850 task= 0 train=  496.2 t0=  500.0 t1=   10.5 gen'ist=   10.5
  gen   900 task= 0 train=  496.4 t0=  500.0 t1=   11.7 gen'ist=   11.7
  gen   950 task= 0 train=  492.1 t0=  500.0 t1=    9.3 gen'ist=    9.3
  checkpoint: generation 1000 -> <runs>/trials/ga/seed_42/training/attempt_001/resume.pkl
  gen  1000 task= 1 train=    9.7 t0=  405.2 t1=   13.8 gen'ist=   13.8
  gen  1050 task= 1 train=  483.8 t0=    9.8 t1=  500.0 gen'ist=    9.8
  gen  1100 task= 1 train=  495.5 t0=    9.5 t1=  500.0 gen'ist=    9.5
  gen  1150 task= 1 train=  493.7 t0=   10.5 t1=  500.0 gen'ist=   10.5
  checkpoint: generation 1200 -> <runs>/trials/ga/seed_42/training/attempt_001/resume.pkl
  gen  1200 task= 0 train=   10.9 t0=   14.7 t1=  495.0 gen'ist=   14.7
  gen  1250 task= 0 train=  485.1 t0=  500.0 t1=    9.3 gen'ist=    9.3
  gen  1300 task= 0 train=  497.2 t0=  500.0 t1=   10.2 gen'ist=   10.2
  gen  1350 task= 0 train=  496.5 t0=  500.0 t1=    9.9 gen'ist=    9.9
  checkpoint: generation 1400 -> <runs>/trials/ga/seed_42/training/attempt_001/resume.pkl
  gen  1400 task= 1 train=    9.6 t0=   69.9 t1=   12.7 gen'ist=   12.7
  gen  1450 task= 1 train=  473.2 t0=    9.1 t1=  500.0 gen'ist=    9.1
  gen  1500 task= 1 train=  492.3 t0=   10.1 t1=  500.0 gen'ist=   10.1
  gen  1550 task= 1 train=  494.7 t0=    9.5 t1=  500.0 gen'ist=    9.5
  checkpoint: generation 1600 -> <runs>/trials/ga/seed_42/training/attempt_001/resume.pkl
  gen  1600 task= 0 train=   10.0 t0=   13.3 t1=  417.2 gen'ist=   13.3
  gen  1650 task= 0 train=  482.0 t0=  500.0 t1=    9.5 gen'ist=    9.5
  gen  1700 task= 0 train=  496.2 t0=  500.0 t1=    9.4 gen'ist=    9.4
  gen  1750 task= 0 train=  498.3 t0=  500.0 t1=    9.6 gen'ist=    9.6
  checkpoint: generation 1800 -> <runs>/trials/ga/seed_42/training/attempt_001/resume.pkl
  gen  1800 task= 1 train=   10.4 t0=  500.0 t1=   27.5 gen'ist=   27.5
  gen  1850 task= 1 train=  106.2 t0=   19.2 t1=  127.1 gen'ist=   19.2
  gen  1900 task= 1 train=  446.8 t0=   11.5 t1=  500.0 gen'ist=   11.5
  gen  1950 task= 1 train=  479.2 t0=   13.0 t1=  500.0 gen'ist=   13.0
  checkpoint: generation 2000 -> <runs>/trials/ga/seed_42/training/attempt_001/resume.pkl
  gen  2000 task= 0 train=   11.9 t0=   16.1 t1=  500.0 gen'ist=   16.1
  gen  2050 task= 0 train=  481.1 t0=  419.7 t1=    9.3 gen'ist=    9.3
  gen  2100 task= 0 train=  495.4 t0=  500.0 t1=    9.3 gen'ist=    9.3
  gen  2150 task= 0 train=  497.9 t0=  500.0 t1=    9.3 gen'ist=    9.3
  checkpoint: generation 2200 -> <runs>/trials/ga/seed_42/training/attempt_001/resume.pkl
  gen  2200 task= 1 train=   10.2 t0=  500.0 t1=   49.9 gen'ist=   49.9
  gen  2250 task= 1 train=  476.9 t0=   20.2 t1=  455.8 gen'ist=   20.2
  gen  2300 task= 1 train=  488.8 t0=    9.2 t1=  500.0 gen'ist=    9.2
  gen  2350 task= 1 train=  495.1 t0=   12.4 t1=  500.0 gen'ist=   12.4
  checkpoint: generation 2400 -> <runs>/trials/ga/seed_42/training/attempt_001/resume.pkl
  gen  2400 task= 0 train=   10.5 t0=   18.0 t1=  500.0 gen'ist=   18.0
  gen  2450 task= 0 train=  376.0 t0=  353.6 t1=   11.1 gen'ist=   11.1
  gen  2500 task= 0 train=  497.1 t0=  500.0 t1=   13.8 gen'ist=   13.8
  gen  2550 task= 0 train=  491.2 t0=  500.0 t1=    9.5 gen'ist=    9.5
  checkpoint: generation 2600 -> <runs>/trials/ga/seed_42/training/attempt_001/resume.pkl
  gen  2600 task= 1 train=   11.3 t0=  500.0 t1=   27.8 gen'ist=   27.8
  gen  2650 task= 1 train=  486.3 t0=   13.7 t1=  500.0 gen'ist=   13.7
  gen  2700 task= 1 train=  493.0 t0=   11.5 t1=  500.0 gen'ist=   11.5
  gen  2750 task= 1 train=  497.4 t0=   10.0 t1=  500.0 gen'ist=   10.0
  checkpoint: generation 2800 -> <runs>/trials/ga/seed_42/training/attempt_001/resume.pkl
  gen  2800 task= 0 train=   10.1 t0=   18.1 t1=  379.1 gen'ist=   18.1
  gen  2850 task= 0 train=  496.7 t0=  500.0 t1=   17.8 gen'ist=   17.8
  gen  2900 task= 0 train=  494.8 t0=  500.0 t1=    9.4 gen'ist=    9.4
  gen  2950 task= 0 train=  495.9 t0=  500.0 t1=    9.6 gen'ist=    9.6
  checkpoint: generation 3000 -> <runs>/trials/ga/seed_42/training/attempt_001/resume.pkl
  gen  3000 task= 1 train=   12.6 t0=  500.0 t1=   28.0 gen'ist=   28.0
  gen  3050 task= 1 train=  490.2 t0=   37.5 t1=  500.0 gen'ist=   37.5
  gen  3100 task= 1 train=  493.0 t0=   13.3 t1=  486.0 gen'ist=   13.3
  gen  3150 task= 1 train=  498.4 t0=   14.2 t1=  500.0 gen'ist=   14.2
  checkpoint: generation 3200 -> <runs>/trials/ga/seed_42/training/attempt_001/resume.pkl
  gen  3200 task= 0 train=   10.2 t0=   45.3 t1=  500.0 gen'ist=   45.3
  gen  3250 task= 0 train=  484.9 t0=  500.0 t1=   16.5 gen'ist=   16.5
  gen  3300 task= 0 train=  490.3 t0=  500.0 t1=   53.0 gen'ist=   53.0
  gen  3350 task= 0 train=  495.4 t0=  500.0 t1=    9.5 gen'ist=    9.5
  checkpoint: generation 3400 -> <runs>/trials/ga/seed_42/training/attempt_001/resume.pkl
  gen  3400 task= 1 train=   12.3 t0=  500.0 t1=  231.6 gen'ist=  231.6
  gen  3450 task= 1 train=  488.3 t0=  500.0 t1=  500.0 gen'ist=  500.0
  gen  3500 task= 1 train=  489.9 t0=  354.8 t1=  500.0 gen'ist=  354.8
  gen  3550 task= 1 train=  493.0 t0=   15.1 t1=  500.0 gen'ist=   15.1
  checkpoint: generation 3600 -> <runs>/trials/ga/seed_42/training/attempt_001/resume.pkl
  gen  3600 task= 0 train=   68.5 t0=  500.0 t1=  500.0 gen'ist=  500.0
  gen  3650 task= 0 train=  498.9 t0=  500.0 t1=   17.8 gen'ist=   17.8
  gen  3700 task= 0 train=  494.9 t0=  500.0 t1=    9.6 gen'ist=    9.6
  gen  3750 task= 0 train=  497.2 t0=  500.0 t1=   14.1 gen'ist=   14.1
  checkpoint: generation 3800 -> <runs>/trials/ga/seed_42/training/attempt_001/resume.pkl
  gen  3800 task= 1 train=   17.0 t0=  500.0 t1=  168.1 gen'ist=  168.1
  gen  3850 task= 1 train=  480.1 t0=  405.4 t1=  500.0 gen'ist=  405.4
  gen  3900 task= 1 train=  496.1 t0=    9.4 t1=  500.0 gen'ist=    9.4
  gen  3950 task= 1 train=  494.6 t0=    9.5 t1=  500.0 gen'ist=    9.5
  gen  3999 task= 1 train=  496.4 t0=   10.0 t1=  500.0 gen'ist=   10.0
  wrote <runs>/trials/ga/seed_42/training/attempt_001

Done. <runs>/trials/ga/seed_42/training/attempt_001
