======================================================================
gymnax | ppo (rl) | CartPole-v1 | noncontinual | trial 1002
  environment    : CartPole-v1
  schedule       : task0, 1 sub-tasks
  matched budget : 4.608e+08 environment steps
  NOT MATCHED    : budget overridden (task_interval, episode_length, num_updates, num_envs, num_steps)
  ppo overrides  : {'num_envs': 256, 'num_steps': 50, 'num_minibatches': 8}
  seed           : 1001
  boundary info  : none
  output         : <runs>/trials/pilot-stationary/ppo/seed_1001/training/attempt_001
======================================================================
  update     0 task= 0 H=0.683 t0=   93.4 gen'ist=   93.4
  update   100 task= 0 H=0.512 t0=  500.0 gen'ist=  500.0
  update   200 task= 0 H=0.567 t0=  500.0 gen'ist=  500.0
  update   300 task= 0 H=0.569 t0=  500.0 gen'ist=  500.0
  update   400 task= 0 H=0.539 t0=  500.0 gen'ist=  500.0
  update   500 task= 0 H=0.528 t0=  500.0 gen'ist=  500.0
  update   599 task= 0 H=0.514 t0=  500.0 gen'ist=  500.0
  wrote <runs>/trials/pilot-stationary/ppo/seed_1001/training/attempt_001

Done. <runs>/trials/pilot-stationary/ppo/seed_1001/training/attempt_001
