  gen     0 task= 0 train=   19.4 t0=   31.7 t1=   18.4 gen'ist=   18.4
  gen    50 task= 0 train=  500.0 t0=  500.0 t1=    9.4 gen'ist=    9.4
  gen   100 task= 0 train=  500.0 t0=  500.0 t1=   10.4 gen'ist=   10.4
  gen   150 task= 0 train=  500.0 t0=  500.0 t1=    9.2 gen'ist=    9.2
  checkpoint: generation 200 -> <runs>/trials/es/seed_42/training/attempt_001/resume.pkl
  gen   200 task= 1 train=    9.7 t0=  500.0 t1=   10.9 gen'ist=   10.9
  gen   250 task= 1 train=  499.6 t0=    9.5 t1=  500.0 gen'ist=    9.5
  gen   300 task= 1 train=  499.8 t0=    9.8 t1=  500.0 gen'ist=    9.8
  gen   350 task= 1 train=  500.0 t0=    9.1 t1=  500.0 gen'ist=    9.1
  checkpoint: generation 400 -> <runs>/trials/es/seed_42/training/attempt_001/resume.pkl
  gen   400 task= 0 train=    9.4 t0=    9.6 t1=  500.0 gen'ist=    9.6
  gen   450 task= 0 train=  500.0 t0=  500.0 t1=   10.5 gen'ist=   10.5
  gen   500 task= 0 train=  500.0 t0=  500.0 t1=   10.4 gen'ist=   10.4
  gen   550 task= 0 train=  500.0 t0=  500.0 t1=   10.4 gen'ist=   10.4
  checkpoint: generation 600 -> <runs>/trials/es/seed_42/training/attempt_001/resume.pkl
  gen   600 task= 1 train=    9.9 t0=  500.0 t1=   11.4 gen'ist=   11.4
  gen   650 task= 1 train=  499.9 t0=    9.7 t1=  500.0 gen'ist=    9.7
  gen   700 task= 1 train=  500.0 t0=    9.2 t1=  500.0 gen'ist=    9.2
  gen   750 task= 1 train=  500.0 t0=    9.4 t1=  500.0 gen'ist=    9.4
  checkpoint: generation 800 -> <runs>/trials/es/seed_42/training/attempt_001/resume.pkl
  gen   800 task= 0 train=    9.6 t0=   10.3 t1=  500.0 gen'ist=   10.3
  gen   850 task= 0 train=  500.0 t0=  500.0 t1=   10.4 gen'ist=   10.4
  gen   900 task= 0 train=  500.0 t0=  500.0 t1=   10.6 gen'ist=   10.6
  gen   950 task= 0 train=  500.0 t0=  500.0 t1=    9.8 gen'ist=    9.8
  checkpoint: generation 1000 -> <runs>/trials/es/seed_42/training/attempt_001/resume.pkl
  gen  1000 task= 1 train=   10.2 t0=  500.0 t1=   11.5 gen'ist=   11.5
  gen  1050 task= 1 train=  500.0 t0=   10.3 t1=  500.0 gen'ist=   10.3
  gen  1100 task= 1 train=  500.0 t0=   10.3 t1=  500.0 gen'ist=   10.3
  gen  1150 task= 1 train=  500.0 t0=    9.9 t1=  500.0 gen'ist=    9.9
  checkpoint: generation 1200 -> <runs>/trials/es/seed_42/training/attempt_001/resume.pkl
  gen  1200 task= 0 train=    9.8 t0=   10.7 t1=  500.0 gen'ist=   10.7
  gen  1250 task= 0 train=  500.0 t0=  500.0 t1=   10.8 gen'ist=   10.8
  gen  1300 task= 0 train=  500.0 t0=  500.0 t1=   11.0 gen'ist=   11.0
  gen  1350 task= 0 train=  500.0 t0=  500.0 t1=   11.2 gen'ist=   11.2
  checkpoint: generation 1400 -> <runs>/trials/es/seed_42/training/attempt_001/resume.pkl
  gen  1400 task= 1 train=   10.8 t0=  500.0 t1=   10.9 gen'ist=   10.9
  gen  1450 task= 1 train=  500.0 t0=    9.7 t1=  500.0 gen'ist=    9.7
  gen  1500 task= 1 train=  500.0 t0=   10.4 t1=  500.0 gen'ist=   10.4
  gen  1550 task= 1 train=  500.0 t0=   10.5 t1=  500.0 gen'ist=   10.5
  checkpoint: generation 1600 -> <runs>/trials/es/seed_42/training/attempt_001/resume.pkl
  gen  1600 task= 0 train=   10.1 t0=   11.6 t1=  500.0 gen'ist=   11.6
  gen  1650 task= 0 train=  500.0 t0=  500.0 t1=   11.7 gen'ist=   11.7
  gen  1700 task= 0 train=  500.0 t0=  500.0 t1=   11.6 gen'ist=   11.6
  gen  1750 task= 0 train=  500.0 t0=  500.0 t1=   11.6 gen'ist=   11.6
  checkpoint: generation 1800 -> <runs>/trials/es/seed_42/training/attempt_001/resume.pkl
  gen  1800 task= 1 train=   11.3 t0=  500.0 t1=   11.7 gen'ist=   11.7
  gen  1850 task= 1 train=  500.0 t0=    9.3 t1=  500.0 gen'ist=    9.3
  gen  1900 task= 1 train=  500.0 t0=    9.4 t1=  500.0 gen'ist=    9.4
  gen  1950 task= 1 train=  500.0 t0=   10.3 t1=  500.0 gen'ist=   10.3
  checkpoint: generation 2000 -> <runs>/trials/es/seed_42/training/attempt_001/resume.pkl
  gen  2000 task= 0 train=    9.9 t0=   10.7 t1=  500.0 gen'ist=   10.7
  gen  2050 task= 0 train=  500.0 t0=  500.0 t1=   11.6 gen'ist=   11.6
  gen  2100 task= 0 train=  500.0 t0=  500.0 t1=   11.4 gen'ist=   11.4
  gen  2150 task= 0 train=  500.0 t0=  500.0 t1=   11.3 gen'ist=   11.3
  checkpoint: generation 2200 -> <runs>/trials/es/seed_42/training/attempt_001/resume.pkl
  gen  2200 task= 1 train=   11.6 t0=  500.0 t1=   12.6 gen'ist=   12.6
  gen  2250 task= 1 train=  500.0 t0=    9.5 t1=  500.0 gen'ist=    9.5
  gen  2300 task= 1 train=  500.0 t0=    9.2 t1=  500.0 gen'ist=    9.2
  gen  2350 task= 1 train=  500.0 t0=    9.2 t1=  500.0 gen'ist=    9.2
  checkpoint: generation 2400 -> <runs>/trials/es/seed_42/training/attempt_001/resume.pkl
  gen  2400 task= 0 train=    9.5 t0=   10.2 t1=  500.0 gen'ist=   10.2
  gen  2450 task= 0 train=  500.0 t0=  500.0 t1=   11.8 gen'ist=   11.8
  gen  2500 task= 0 train=  500.0 t0=  500.0 t1=   11.9 gen'ist=   11.9
  gen  2550 task= 0 train=  500.0 t0=  500.0 t1=   12.0 gen'ist=   12.0
  checkpoint: generation 2600 -> <runs>/trials/es/seed_42/training/attempt_001/resume.pkl
  gen  2600 task= 1 train=   11.5 t0=  500.0 t1=   11.7 gen'ist=   11.7
  gen  2650 task= 1 train=  500.0 t0=    9.7 t1=  500.0 gen'ist=    9.7
  gen  2700 task= 1 train=  500.0 t0=    9.7 t1=  500.0 gen'ist=    9.7
  gen  2750 task= 1 train=  500.0 t0=    9.4 t1=  500.0 gen'ist=    9.4
  checkpoint: generation 2800 -> <runs>/trials/es/seed_42/training/attempt_001/resume.pkl
  gen  2800 task= 0 train=    9.4 t0=    9.7 t1=  500.0 gen'ist=    9.7
  gen  2850 task= 0 train=  500.0 t0=  500.0 t1=   12.6 gen'ist=   12.6
  gen  2900 task= 0 train=  500.0 t0=  500.0 t1=   12.0 gen'ist=   12.0
  gen  2950 task= 0 train=  500.0 t0=  500.0 t1=   12.0 gen'ist=   12.0
  checkpoint: generation 3000 -> <runs>/trials/es/seed_42/training/attempt_001/resume.pkl
  gen  3000 task= 1 train=   11.9 t0=  500.0 t1=   12.6 gen'ist=   12.6
  gen  3050 task= 1 train=  500.0 t0=    9.3 t1=  500.0 gen'ist=    9.3
  gen  3100 task= 1 train=  500.0 t0=    9.3 t1=  500.0 gen'ist=    9.3
  gen  3150 task= 1 train=  500.0 t0=    9.0 t1=  500.0 gen'ist=    9.0
  checkpoint: generation 3200 -> <runs>/trials/es/seed_42/training/attempt_001/resume.pkl
  gen  3200 task= 0 train=    9.7 t0=   10.7 t1=  500.0 gen'ist=   10.7
  gen  3250 task= 0 train=  500.0 t0=  500.0 t1=   11.9 gen'ist=   11.9
  gen  3300 task= 0 train=  500.0 t0=  500.0 t1=   12.1 gen'ist=   12.1
  gen  3350 task= 0 train=  500.0 t0=  500.0 t1=   12.1 gen'ist=   12.1
  checkpoint: generation 3400 -> <runs>/trials/es/seed_42/training/attempt_001/resume.pkl
  gen  3400 task= 1 train=   12.1 t0=  500.0 t1=   12.1 gen'ist=   12.1
  gen  3450 task= 1 train=  500.0 t0=    9.9 t1=  500.0 gen'ist=    9.9
  gen  3500 task= 1 train=  500.0 t0=    9.8 t1=  500.0 gen'ist=    9.8
  gen  3550 task= 1 train=  500.0 t0=    9.5 t1=  500.0 gen'ist=    9.5
  checkpoint: generation 3600 -> <runs>/trials/es/seed_42/training/attempt_001/resume.pkl
  gen  3600 task= 0 train=    9.4 t0=    9.9 t1=  500.0 gen'ist=    9.9
  gen  3650 task= 0 train=  500.0 t0=  500.0 t1=   12.5 gen'ist=   12.5
  gen  3700 task= 0 train=  500.0 t0=  500.0 t1=   12.5 gen'ist=   12.5
  gen  3750 task= 0 train=  500.0 t0=  500.0 t1=   12.9 gen'ist=   12.9
  checkpoint: generation 3800 -> <runs>/trials/es/seed_42/training/attempt_001/resume.pkl
  gen  3800 task= 1 train=   12.3 t0=  500.0 t1=   12.9 gen'ist=   12.9
  gen  3850 task= 1 train=  500.0 t0=   10.1 t1=  500.0 gen'ist=   10.1
  gen  3900 task= 1 train=  500.0 t0=    9.4 t1=  500.0 gen'ist=    9.4
  gen  3950 task= 1 train=  500.0 t0=    9.5 t1=  500.0 gen'ist=    9.5
  gen  3999 task= 1 train=  500.0 t0=   10.0 t1=  500.0 gen'ist=   10.0
  wrote <runs>/trials/es/seed_42/training/attempt_001

Done. <runs>/trials/es/seed_42/training/attempt_001
