======================================================================
gymnax | ppo (rl) | CartPole-v1 | noncontinual | trial 1003
  environment    : CartPole-v1
  schedule       : task0, 1 sub-tasks
  matched budget : 4.608e+08 environment steps
  NOT MATCHED    : budget overridden (task_interval, episode_length, num_updates, num_envs, num_steps)
  ppo overrides  : {'num_envs': 256, 'num_steps': 50, 'num_minibatches': 8}
  seed           : 1002
  boundary info  : none
  output         : <runs>/trials/pilot-stationary/ppo/seed_1002/training/attempt_001
======================================================================
  update     0 task= 0 H=0.693 t0=  150.0 gen'ist=  150.0
  update   100 task= 0 H=0.573 t0=  500.0 gen'ist=  500.0
  update   200 task= 0 H=0.569 t0=  500.0 gen'ist=  500.0
  update   300 task= 0 H=0.560 t0=  382.0 gen'ist=  382.0
  update   400 task= 0 H=0.561 t0=  461.8 gen'ist=  461.8
  update   500 task= 0 H=0.515 t0=  500.0 gen'ist=  500.0
  update   599 task= 0 H=0.522 t0=  482.5 gen'ist=  482.5
  wrote <runs>/trials/pilot-stationary/ppo/seed_1002/training/attempt_001

Done. <runs>/trials/pilot-stationary/ppo/seed_1002/training/attempt_001
