======================================================================
gymnax | ppo (rl) | CartPole-v1_sigma0.5 | continual | trial 1003
  environment    : CartPole-v1
  sub-task       : noise, sigma 0.5
  phases         : 4
  schedule       : switch, 2 sub-tasks
  matched budget : 6.144e+08 environment steps
  NOT MATCHED    : budget overridden (task_interval, episode_length, num_updates, num_envs, num_steps)
  ppo overrides  : {'num_envs': 256, 'num_steps': 50, 'num_minibatches': 8}
  seed           : 1002
  boundary info  : none
  output         : <runs>/trials/pilot-switching/ppo/seed_1002/training/attempt_001
======================================================================
  update     0 task= 0 H=0.693 t0=  150.0 t1=   10.7 gen'ist=   10.7
  update   100 task= 0 H=0.573 t0=  500.0 t1=   10.5 gen'ist=   10.5
  update   200 task= 1 H=0.509 t0=  121.0 t1=  500.0 gen'ist=  121.0
  update   300 task= 0 H=0.451 t0=   94.4 t1=  500.0 gen'ist=   94.4
  update   400 task= 0 H=0.563 t0=  500.0 t1=   10.0 gen'ist=   10.0
  update   500 task= 1 H=0.534 t0=   19.6 t1=  500.0 gen'ist=   19.6
  update   599 task= 1 H=0.510 t0=   26.3 t1=  500.0 gen'ist=   26.3
  wrote <runs>/trials/pilot-switching/ppo/seed_1002/training/attempt_001

Done. <runs>/trials/pilot-switching/ppo/seed_1002/training/attempt_001
