  gen     0 task= 0 train=   20.7 t0=   69.3 t1=   22.1 gen'ist=   22.1
  gen    50 task= 0 train=  500.0 t0=  500.0 t1=   16.1 gen'ist=   16.1
  gen   100 task= 0 train=  500.0 t0=  500.0 t1=   14.0 gen'ist=   14.0
  gen   150 task= 0 train=  500.0 t0=  500.0 t1=   13.8 gen'ist=   13.8
  checkpoint: generation 200 -> <runs>/trials/es/seed_43/training/attempt_001/resume.pkl
  gen   200 task= 1 train=  201.5 t0=  500.0 t1=  500.0 gen'ist=  500.0
  gen   250 task= 1 train=  500.0 t0=  409.2 t1=  500.0 gen'ist=  409.2
  gen   300 task= 1 train=  500.0 t0=  500.0 t1=  500.0 gen'ist=  500.0
  gen   350 task= 1 train=  500.0 t0=  456.8 t1=  500.0 gen'ist=  456.8
  checkpoint: generation 400 -> <runs>/trials/es/seed_43/training/attempt_001/resume.pkl
  gen   400 task= 0 train=  315.9 t0=  500.0 t1=  500.0 gen'ist=  500.0
  gen   450 task= 0 train=  500.0 t0=  500.0 t1=  500.0 gen'ist=  500.0
  gen   500 task= 0 train=  500.0 t0=  500.0 t1=  404.1 gen'ist=  404.1
  gen   550 task= 0 train=  500.0 t0=  500.0 t1=  500.0 gen'ist=  500.0
  checkpoint: generation 600 -> <runs>/trials/es/seed_43/training/attempt_001/resume.pkl
  gen   600 task= 1 train=  421.5 t0=  500.0 t1=  500.0 gen'ist=  500.0
  gen   650 task= 1 train=  500.0 t0=  500.0 t1=  500.0 gen'ist=  500.0
  gen   700 task= 1 train=  500.0 t0=  500.0 t1=  500.0 gen'ist=  500.0
  gen   750 task= 1 train=  500.0 t0=  500.0 t1=  500.0 gen'ist=  500.0
  checkpoint: generation 800 -> <runs>/trials/es/seed_43/training/attempt_001/resume.pkl
  gen   800 task= 0 train=  427.4 t0=  500.0 t1=  500.0 gen'ist=  500.0
  gen   850 task= 0 train=  500.0 t0=  500.0 t1=  500.0 gen'ist=  500.0
  gen   900 task= 0 train=  500.0 t0=  500.0 t1=  500.0 gen'ist=  500.0
  gen   950 task= 0 train=  500.0 t0=  500.0 t1=  500.0 gen'ist=  500.0
  checkpoint: generation 1000 -> <runs>/trials/es/seed_43/training/attempt_001/resume.pkl
  gen  1000 task= 1 train=  387.0 t0=  500.0 t1=  500.0 gen'ist=  500.0
  gen  1050 task= 1 train=  500.0 t0=  500.0 t1=  500.0 gen'ist=  500.0
  gen  1100 task= 1 train=  500.0 t0=  500.0 t1=  500.0 gen'ist=  500.0
  gen  1150 task= 1 train=  500.0 t0=  500.0 t1=  500.0 gen'ist=  500.0
  checkpoint: generation 1200 -> <runs>/trials/es/seed_43/training/attempt_001/resume.pkl
  gen  1200 task= 0 train=  474.7 t0=  500.0 t1=  500.0 gen'ist=  500.0
  gen  1250 task= 0 train=  500.0 t0=  500.0 t1=  500.0 gen'ist=  500.0
  gen  1300 task= 0 train=  500.0 t0=  500.0 t1=  500.0 gen'ist=  500.0
  gen  1350 task= 0 train=  500.0 t0=  500.0 t1=  404.0 gen'ist=  404.0
  checkpoint: generation 1400 -> <runs>/trials/es/seed_43/training/attempt_001/resume.pkl
  gen  1400 task= 1 train=  356.5 t0=  500.0 t1=  500.0 gen'ist=  500.0
  gen  1450 task= 1 train=  500.0 t0=  500.0 t1=  500.0 gen'ist=  500.0
  gen  1500 task= 1 train=  500.0 t0=  500.0 t1=  500.0 gen'ist=  500.0
  gen  1550 task= 1 train=  500.0 t0=  500.0 t1=  500.0 gen'ist=  500.0
  checkpoint: generation 1600 -> <runs>/trials/es/seed_43/training/attempt_001/resume.pkl
  gen  1600 task= 0 train=  487.0 t0=  500.0 t1=  500.0 gen'ist=  500.0
  gen  1650 task= 0 train=  500.0 t0=  500.0 t1=  500.0 gen'ist=  500.0
  gen  1700 task= 0 train=  500.0 t0=  500.0 t1=  500.0 gen'ist=  500.0
  gen  1750 task= 0 train=  500.0 t0=  500.0 t1=  500.0 gen'ist=  500.0
  checkpoint: generation 1800 -> <runs>/trials/es/seed_43/training/attempt_001/resume.pkl
  gen  1800 task= 1 train=  498.7 t0=  500.0 t1=  500.0 gen'ist=  500.0
  gen  1850 task= 1 train=  500.0 t0=  500.0 t1=  500.0 gen'ist=  500.0
  gen  1900 task= 1 train=  500.0 t0=  500.0 t1=  500.0 gen'ist=  500.0
  gen  1950 task= 1 train=  499.7 t0=  500.0 t1=  500.0 gen'ist=  500.0
  checkpoint: generation 2000 -> <runs>/trials/es/seed_43/training/attempt_001/resume.pkl
  gen  2000 task= 0 train=  473.4 t0=  500.0 t1=  500.0 gen'ist=  500.0
  gen  2050 task= 0 train=  500.0 t0=  500.0 t1=  500.0 gen'ist=  500.0
  gen  2100 task= 0 train=  500.0 t0=  500.0 t1=  500.0 gen'ist=  500.0
  gen  2150 task= 0 train=  500.0 t0=  500.0 t1=  500.0 gen'ist=  500.0
  checkpoint: generation 2200 -> <runs>/trials/es/seed_43/training/attempt_001/resume.pkl
  gen  2200 task= 1 train=  476.4 t0=  500.0 t1=  500.0 gen'ist=  500.0
  gen  2250 task= 1 train=  500.0 t0=  500.0 t1=  500.0 gen'ist=  500.0
  gen  2300 task= 1 train=  500.0 t0=  500.0 t1=  500.0 gen'ist=  500.0
  gen  2350 task= 1 train=  500.0 t0=  500.0 t1=  500.0 gen'ist=  500.0
  checkpoint: generation 2400 -> <runs>/trials/es/seed_43/training/attempt_001/resume.pkl
  gen  2400 task= 0 train=  496.2 t0=  500.0 t1=  500.0 gen'ist=  500.0
  gen  2450 task= 0 train=  500.0 t0=  500.0 t1=  500.0 gen'ist=  500.0
  gen  2500 task= 0 train=  500.0 t0=  500.0 t1=  500.0 gen'ist=  500.0
  gen  2550 task= 0 train=  500.0 t0=  500.0 t1=  500.0 gen'ist=  500.0
  checkpoint: generation 2600 -> <runs>/trials/es/seed_43/training/attempt_001/resume.pkl
  gen  2600 task= 1 train=  491.4 t0=  500.0 t1=  500.0 gen'ist=  500.0
  gen  2650 task= 1 train=  500.0 t0=  500.0 t1=  500.0 gen'ist=  500.0
  gen  2700 task= 1 train=  500.0 t0=  500.0 t1=  500.0 gen'ist=  500.0
  gen  2750 task= 1 train=  500.0 t0=  500.0 t1=  500.0 gen'ist=  500.0
  checkpoint: generation 2800 -> <runs>/trials/es/seed_43/training/attempt_001/resume.pkl
  gen  2800 task= 0 train=  498.6 t0=  500.0 t1=  500.0 gen'ist=  500.0
  gen  2850 task= 0 train=  500.0 t0=  500.0 t1=  500.0 gen'ist=  500.0
  gen  2900 task= 0 train=  500.0 t0=  500.0 t1=  500.0 gen'ist=  500.0
  gen  2950 task= 0 train=  500.0 t0=  500.0 t1=  500.0 gen'ist=  500.0
  checkpoint: generation 3000 -> <runs>/trials/es/seed_43/training/attempt_001/resume.pkl
  gen  3000 task= 1 train=  495.7 t0=  500.0 t1=  500.0 gen'ist=  500.0
  gen  3050 task= 1 train=  500.0 t0=  500.0 t1=  500.0 gen'ist=  500.0
  gen  3100 task= 1 train=  500.0 t0=  500.0 t1=  500.0 gen'ist=  500.0
  gen  3150 task= 1 train=  500.0 t0=  500.0 t1=  500.0 gen'ist=  500.0
  checkpoint: generation 3200 -> <runs>/trials/es/seed_43/training/attempt_001/resume.pkl
  gen  3200 task= 0 train=  495.1 t0=  500.0 t1=  500.0 gen'ist=  500.0
  gen  3250 task= 0 train=  500.0 t0=  500.0 t1=  500.0 gen'ist=  500.0
  gen  3300 task= 0 train=  500.0 t0=  500.0 t1=  500.0 gen'ist=  500.0
  gen  3350 task= 0 train=  500.0 t0=  500.0 t1=  500.0 gen'ist=  500.0
  checkpoint: generation 3400 -> <runs>/trials/es/seed_43/training/attempt_001/resume.pkl
  gen  3400 task= 1 train=  497.8 t0=  500.0 t1=  500.0 gen'ist=  500.0
  gen  3450 task= 1 train=  500.0 t0=  500.0 t1=  500.0 gen'ist=  500.0
  gen  3500 task= 1 train=  500.0 t0=  500.0 t1=  500.0 gen'ist=  500.0
  gen  3550 task= 1 train=  500.0 t0=  500.0 t1=  500.0 gen'ist=  500.0
  checkpoint: generation 3600 -> <runs>/trials/es/seed_43/training/attempt_001/resume.pkl
  gen  3600 task= 0 train=  500.0 t0=  500.0 t1=  500.0 gen'ist=  500.0
  gen  3650 task= 0 train=  500.0 t0=  500.0 t1=  500.0 gen'ist=  500.0
  gen  3700 task= 0 train=  500.0 t0=  500.0 t1=  500.0 gen'ist=  500.0
  gen  3750 task= 0 train=  500.0 t0=  500.0 t1=  500.0 gen'ist=  500.0
  checkpoint: generation 3800 -> <runs>/trials/es/seed_43/training/attempt_001/resume.pkl
  gen  3800 task= 1 train=  494.1 t0=  500.0 t1=  500.0 gen'ist=  500.0
  gen  3850 task= 1 train=  500.0 t0=  500.0 t1=  500.0 gen'ist=  500.0
  gen  3900 task= 1 train=  500.0 t0=  500.0 t1=  500.0 gen'ist=  500.0
  gen  3950 task= 1 train=  499.7 t0=  500.0 t1=  500.0 gen'ist=  500.0
  gen  3999 task= 1 train=  500.0 t0=  500.0 t1=  500.0 gen'ist=  500.0
  wrote <runs>/trials/es/seed_43/training/attempt_001

Done. <runs>/trials/es/seed_43/training/attempt_001
