======================================================================
gymnax | ga (ne) | CartPole-v1_sigma0.5 | continual | trial 6004
  environment    : CartPole-v1
  sub-task       : noise, sigma 0.5
  phases         : 4
  schedule       : switch, 2 sub-tasks
  matched budget : 6.144e+08 environment steps
  NOT MATCHED    : budget overridden (task_interval, episode_length, num_generations, pop_size)
  ne overrides   : ['sigma=0.065', 'searcher_kwargs.elite_ratio=0.075'] []
  seed           : 6003
  boundary info  : none
  output         : $STUDY/cache/3584e93a1c52405a05dd2546955269de0a4b509031ea54ac3935843576635e9e/attempt_0001/seed_6003/training
======================================================================
/home/roland/.config/matplotlib is not a writable directory
Matplotlib created a temporary cache directory at /tmp/matplotlib-wbegsk2r because there was an issue with the default path ({configdir}); it is highly recommended to set the MPLCONFIGDIR environment variable to a writable directory, in particular to speed up the import of Matplotlib and to better support multiprocessing.
  gen     0 task= 0 train=    9.5 t0=   11.7 t1=   13.3 gen'ist=   11.7
  gen    50 task= 0 train=  217.3 t0=  500.0 t1=  262.0 gen'ist=  262.0
  gen    79 task= 1 train=  381.6 t0=   13.0 t1=  500.0 gen'ist=   13.0
  wrote $STUDY/cache/3584e93a1c52405a05dd2546955269de0a4b509031ea54ac3935843576635e9e/attempt_0001/seed_6003/training

Done. $STUDY/cache/3584e93a1c52405a05dd2546955269de0a4b509031ea54ac3935843576635e9e/attempt_0001/seed_6003/training
