======================================================================
gymnax | ga (ne) | CartPole-v1_sigma0.5 | continual | trial 6002
  environment    : CartPole-v1
  sub-task       : noise, sigma 0.5
  phases         : 4
  schedule       : switch, 2 sub-tasks
  matched budget : 6.144e+08 environment steps
  NOT MATCHED    : budget overridden (task_interval, episode_length, num_generations, pop_size)
  ne overrides   : ['sigma=0.224195451112929', 'searcher_kwargs.elite_ratio=0.0921597481719689'] []
  seed           : 6001
  boundary info  : none
  output         : $STUDY/cache/640ad2d17d201c65fa273ddfd465f897ee8f3ef622825379a75651463512ff4c/attempt_0001/seed_6001/training
======================================================================
/home/roland/.config/matplotlib is not a writable directory
Matplotlib created a temporary cache directory at /tmp/matplotlib-neclkrqx because there was an issue with the default path ({configdir}); it is highly recommended to set the MPLCONFIGDIR environment variable to a writable directory, in particular to speed up the import of Matplotlib and to better support multiprocessing.
  gen     0 task= 0 train=   11.3 t0=  119.3 t1=   61.7 gen'ist=   61.7
  gen    50 task= 0 train=  297.3 t0=  500.0 t1=  209.3 gen'ist=  209.3
  gen    79 task= 1 train=  267.3 t0=   80.3 t1=  415.3 gen'ist=   80.3
  wrote $STUDY/cache/640ad2d17d201c65fa273ddfd465f897ee8f3ef622825379a75651463512ff4c/attempt_0001/seed_6001/training

Done. $STUDY/cache/640ad2d17d201c65fa273ddfd465f897ee8f3ef622825379a75651463512ff4c/attempt_0001/seed_6001/training
