======================================================================
gymnax | es (ne) | CartPole-v1_sigma0.5 | continual | trial 4
  environment    : CartPole-v1
  sub-task       : noise, sigma 0.5
  phases         : 20
  schedule       : switch, 2 sub-tasks
  matched budget : 3.072e+09 environment steps
  NOT MATCHED    : budget overridden (task_interval, episode_length, num_generations)
  seed           : 45
  boundary info  : none
  output         : <runs>/trials/es/seed_45/training/attempt_001
======================================================================
/home/roland/.config/matplotlib is not a writable directory
Matplotlib created a temporary cache directory at /tmp/matplotlib-8441xgif because there was an issue with the default path ({configdir}); it is highly recommended to set the MPLCONFIGDIR environment variable to a writable directory, in particular to speed up the import of Matplotlib and to better support multiprocessing.
  gen     0 task= 0 train=   11.2 t0=   16.1 t1=    9.2 gen'ist=    9.2
  gen    50 task= 0 train=  500.0 t0=  500.0 t1=   12.5 gen'ist=   12.5
  gen   100 task= 0 train=  500.0 t0=  500.0 t1=   12.6 gen'ist=   12.6
  gen   150 task= 0 train=  500.0 t0=  500.0 t1=  209.3 gen'ist=  209.3
  checkpoint: generation 200 -> <runs>/trials/es/seed_45/training/attempt_001/resume.pkl
  gen   200 task= 1 train=  303.5 t0=  500.0 t1=  500.0 gen'ist=  500.0
  gen   250 task= 1 train=  500.0 t0=  500.0 t1=  500.0 gen'ist=  500.0
  gen   300 task= 1 train=  500.0 t0=  500.0 t1=  500.0 gen'ist=  500.0
  gen   350 task= 1 train=  500.0 t0=  500.0 t1=  500.0 gen'ist=  500.0
  checkpoint: generation 400 -> <runs>/trials/es/seed_45/training/attempt_001/resume.pkl
  gen   400 task= 0 train=  468.9 t0=  500.0 t1=  500.0 gen'ist=  500.0
  gen   450 task= 0 train=  500.0 t0=  500.0 t1=  500.0 gen'ist=  500.0
  gen   500 task= 0 train=  500.0 t0=  500.0 t1=  500.0 gen'ist=  500.0
  gen   550 task= 0 train=  500.0 t0=  500.0 t1=  500.0 gen'ist=  500.0
  checkpoint: generation 600 -> <runs>/trials/es/seed_45/training/attempt_001/resume.pkl
  gen   600 task= 1 train=  464.6 t0=  500.0 t1=  500.0 gen'ist=  500.0
  gen   650 task= 1 train=  500.0 t0=  500.0 t1=  500.0 gen'ist=  500.0
  gen   700 task= 1 train=  500.0 t0=  500.0 t1=  500.0 gen'ist=  500.0
  gen   750 task= 1 train=  499.9 t0=  500.0 t1=  500.0 gen'ist=  500.0
  checkpoint: generation 800 -> <runs>/trials/es/seed_45/training/attempt_001/resume.pkl
  gen   800 task= 0 train=  498.1 t0=  500.0 t1=  500.0 gen'ist=  500.0
  gen   850 task= 0 train=  500.0 t0=  500.0 t1=  500.0 gen'ist=  500.0
  gen   900 task= 0 train=  500.0 t0=  500.0 t1=  500.0 gen'ist=  500.0
  gen   950 task= 0 train=  500.0 t0=  500.0 t1=  500.0 gen'ist=  500.0
  checkpoint: generation 1000 -> <runs>/trials/es/seed_45/training/attempt_001/resume.pkl
  gen  1000 task= 1 train=  493.3 t0=  500.0 t1=  500.0 gen'ist=  500.0
  gen  1050 task= 1 train=  500.0 t0=  500.0 t1=  500.0 gen'ist=  500.0
  gen  1100 task= 1 train=  500.0 t0=  500.0 t1=  500.0 gen'ist=  500.0
  gen  1150 task= 1 train=  500.0 t0=  500.0 t1=  500.0 gen'ist=  500.0
  checkpoint: generation 1200 -> <runs>/trials/es/seed_45/training/attempt_001/resume.pkl
  gen  1200 task= 0 train=  500.0 t0=  500.0 t1=  500.0 gen'ist=  500.0
  gen  1250 task= 0 train=  500.0 t0=  500.0 t1=  500.0 gen'ist=  500.0
  gen  1300 task= 0 train=  500.0 t0=  500.0 t1=  500.0 gen'ist=  500.0
  gen  1350 task= 0 train=  500.0 t0=  500.0 t1=  500.0 gen'ist=  500.0
  checkpoint: generation 1400 -> <runs>/trials/es/seed_45/training/attempt_001/resume.pkl
  gen  1400 task= 1 train=  499.9 t0=  500.0 t1=  500.0 gen'ist=  500.0
  gen  1450 task= 1 train=  500.0 t0=  500.0 t1=  500.0 gen'ist=  500.0
  gen  1500 task= 1 train=  500.0 t0=  500.0 t1=  500.0 gen'ist=  500.0
  gen  1550 task= 1 train=  500.0 t0=  500.0 t1=  500.0 gen'ist=  500.0
  checkpoint: generation 1600 -> <runs>/trials/es/seed_45/training/attempt_001/resume.pkl
  gen  1600 task= 0 train=  499.4 t0=  500.0 t1=  500.0 gen'ist=  500.0
  gen  1650 task= 0 train=  500.0 t0=  500.0 t1=  500.0 gen'ist=  500.0
  gen  1700 task= 0 train=  500.0 t0=  500.0 t1=  500.0 gen'ist=  500.0
  gen  1750 task= 0 train=  500.0 t0=  500.0 t1=  500.0 gen'ist=  500.0
  checkpoint: generation 1800 -> <runs>/trials/es/seed_45/training/attempt_001/resume.pkl
  gen  1800 task= 1 train=  499.7 t0=  500.0 t1=  500.0 gen'ist=  500.0
  gen  1850 task= 1 train=  500.0 t0=  500.0 t1=  500.0 gen'ist=  500.0
  gen  1900 task= 1 train=  500.0 t0=  500.0 t1=  500.0 gen'ist=  500.0
  gen  1950 task= 1 train=  500.0 t0=  500.0 t1=  500.0 gen'ist=  500.0
  checkpoint: generation 2000 -> <runs>/trials/es/seed_45/training/attempt_001/resume.pkl
  gen  2000 task= 0 train=  500.0 t0=  500.0 t1=  500.0 gen'ist=  500.0
  gen  2050 task= 0 train=  500.0 t0=  500.0 t1=  500.0 gen'ist=  500.0
  gen  2100 task= 0 train=  500.0 t0=  500.0 t1=  500.0 gen'ist=  500.0
  gen  2150 task= 0 train=  500.0 t0=  500.0 t1=  500.0 gen'ist=  500.0
  checkpoint: generation 2200 -> <runs>/trials/es/seed_45/training/attempt_001/resume.pkl
  gen  2200 task= 1 train=  500.0 t0=  500.0 t1=  500.0 gen'ist=  500.0
  gen  2250 task= 1 train=  500.0 t0=  500.0 t1=  500.0 gen'ist=  500.0
  gen  2300 task= 1 train=  500.0 t0=  500.0 t1=  500.0 gen'ist=  500.0
  gen  2350 task= 1 train=  500.0 t0=  500.0 t1=  500.0 gen'ist=  500.0
  checkpoint: generation 2400 -> <runs>/trials/es/seed_45/training/attempt_001/resume.pkl
  gen  2400 task= 0 train=  500.0 t0=  500.0 t1=  500.0 gen'ist=  500.0
  gen  2450 task= 0 train=  500.0 t0=  500.0 t1=  500.0 gen'ist=  500.0
  gen  2500 task= 0 train=  500.0 t0=  500.0 t1=  500.0 gen'ist=  500.0
  gen  2550 task= 0 train=  500.0 t0=  500.0 t1=  500.0 gen'ist=  500.0
  checkpoint: generation 2600 -> <runs>/trials/es/seed_45/training/attempt_001/resume.pkl
  gen  2600 task= 1 train=  500.0 t0=  500.0 t1=  500.0 gen'ist=  500.0
  gen  2650 task= 1 train=  500.0 t0=  500.0 t1=  500.0 gen'ist=  500.0
  gen  2700 task= 1 train=  500.0 t0=  500.0 t1=  500.0 gen'ist=  500.0
  gen  2750 task= 1 train=  500.0 t0=  500.0 t1=  500.0 gen'ist=  500.0
  checkpoint: generation 2800 -> <runs>/trials/es/seed_45/training/attempt_001/resume.pkl
  gen  2800 task= 0 train=  500.0 t0=  500.0 t1=  500.0 gen'ist=  500.0
  gen  2850 task= 0 train=  500.0 t0=  500.0 t1=  500.0 gen'ist=  500.0
  gen  2900 task= 0 train=  500.0 t0=  500.0 t1=  500.0 gen'ist=  500.0
  gen  2950 task= 0 train=  500.0 t0=  500.0 t1=  500.0 gen'ist=  500.0
  checkpoint: generation 3000 -> <runs>/trials/es/seed_45/training/attempt_001/resume.pkl
  gen  3000 task= 1 train=  500.0 t0=  500.0 t1=  500.0 gen'ist=  500.0
  gen  3050 task= 1 train=  500.0 t0=  500.0 t1=  500.0 gen'ist=  500.0
  gen  3100 task= 1 train=  500.0 t0=  500.0 t1=  500.0 gen'ist=  500.0
  gen  3150 task= 1 train=  500.0 t0=  500.0 t1=  500.0 gen'ist=  500.0
  checkpoint: generation 3200 -> <runs>/trials/es/seed_45/training/attempt_001/resume.pkl
  gen  3200 task= 0 train=  500.0 t0=  500.0 t1=  500.0 gen'ist=  500.0
  gen  3250 task= 0 train=  500.0 t0=  500.0 t1=  500.0 gen'ist=  500.0
  gen  3300 task= 0 train=  500.0 t0=  500.0 t1=  500.0 gen'ist=  500.0
  gen  3350 task= 0 train=  500.0 t0=  500.0 t1=  500.0 gen'ist=  500.0
  checkpoint: generation 3400 -> <runs>/trials/es/seed_45/training/attempt_001/resume.pkl
  gen  3400 task= 1 train=  499.4 t0=  500.0 t1=  500.0 gen'ist=  500.0
  gen  3450 task= 1 train=  500.0 t0=  500.0 t1=  500.0 gen'ist=  500.0
  gen  3500 task= 1 train=  500.0 t0=  500.0 t1=  500.0 gen'ist=  500.0
  gen  3550 task= 1 train=  500.0 t0=  500.0 t1=  500.0 gen'ist=  500.0
  checkpoint: generation 3600 -> <runs>/trials/es/seed_45/training/attempt_001/resume.pkl
  gen  3600 task= 0 train=  500.0 t0=  500.0 t1=  500.0 gen'ist=  500.0
  gen  3650 task= 0 train=  500.0 t0=  500.0 t1=  500.0 gen'ist=  500.0
  gen  3700 task= 0 train=  500.0 t0=  500.0 t1=  500.0 gen'ist=  500.0
  gen  3750 task= 0 train=  500.0 t0=  500.0 t1=  500.0 gen'ist=  500.0
  checkpoint: generation 3800 -> <runs>/trials/es/seed_45/training/attempt_001/resume.pkl
  gen  3800 task= 1 train=  500.0 t0=  500.0 t1=  500.0 gen'ist=  500.0
  gen  3850 task= 1 train=  500.0 t0=  500.0 t1=  500.0 gen'ist=  500.0
  gen  3900 task= 1 train=  500.0 t0=  500.0 t1=  500.0 gen'ist=  500.0
  gen  3950 task= 1 train=  500.0 t0=  500.0 t1=  500.0 gen'ist=  500.0
  gen  3999 task= 1 train=  500.0 t0=  500.0 t1=  500.0 gen'ist=  500.0
  wrote <runs>/trials/es/seed_45/training/attempt_001

Done. <runs>/trials/es/seed_45/training/attempt_001
