======================================================================
gymnax | ga (ne) | CartPole-v1_sigma0.5 | continual | trial 2
  environment    : CartPole-v1
  sub-task       : noise, sigma 0.5
  phases         : 20
  schedule       : switch, 2 sub-tasks
  matched budget : 3.072e+09 environment steps
  NOT MATCHED    : budget overridden (task_interval, episode_length, num_generations)
  seed           : 43
  boundary info  : none
  output         : <runs>/trials/ga/seed_43/training/attempt_001
======================================================================
  gen     0 task= 0 train=   12.0 t0=  110.1 t1=   29.3 gen'ist=   29.3
  gen    50 task= 0 train=  383.5 t0=  500.0 t1=   14.7 gen'ist=   14.7
  gen   100 task= 0 train=  461.8 t0=  500.0 t1=   13.1 gen'ist=   13.1
  gen   150 task= 0 train=  480.2 t0=  500.0 t1=   15.2 gen'ist=   15.2
  checkpoint: generation 200 -> <runs>/trials/ga/seed_43/training/attempt_001/resume.pkl
  gen   200 task= 1 train=   98.1 t0=  500.0 t1=  500.0 gen'ist=  500.0
  gen   250 task= 1 train=  487.6 t0=  186.0 t1=  500.0 gen'ist=  186.0
  gen   300 task= 1 train=  488.6 t0=   21.7 t1=  500.0 gen'ist=   21.7
  gen   350 task= 1 train=  489.7 t0=  420.7 t1=  500.0 gen'ist=  420.7
  checkpoint: generation 400 -> <runs>/trials/ga/seed_43/training/attempt_001/resume.pkl
  gen   400 task= 0 train=  199.8 t0=  500.0 t1=  500.0 gen'ist=  500.0
  gen   450 task= 0 train=  496.5 t0=  500.0 t1=   33.9 gen'ist=   33.9
  gen   500 task= 0 train=  495.8 t0=  500.0 t1=   25.3 gen'ist=   25.3
  gen   550 task= 0 train=  498.9 t0=  500.0 t1=   37.9 gen'ist=   37.9
  checkpoint: generation 600 -> <runs>/trials/ga/seed_43/training/attempt_001/resume.pkl
  gen   600 task= 1 train=  222.7 t0=  500.0 t1=  500.0 gen'ist=  500.0
  gen   650 task= 1 train=  497.3 t0=   76.5 t1=  500.0 gen'ist=   76.5
  gen   700 task= 1 train=  495.2 t0=   16.1 t1=  489.7 gen'ist=   16.1
  gen   750 task= 1 train=  496.1 t0=   10.7 t1=  500.0 gen'ist=   10.7
  checkpoint: generation 800 -> <runs>/trials/ga/seed_43/training/attempt_001/resume.pkl
  gen   800 task= 0 train=  181.9 t0=  374.0 t1=  500.0 gen'ist=  374.0
  gen   850 task= 0 train=  496.9 t0=  500.0 t1=   14.9 gen'ist=   14.9
  gen   900 task= 0 train=  499.1 t0=  500.0 t1=  194.6 gen'ist=  194.6
  gen   950 task= 0 train=  496.8 t0=  500.0 t1=   26.7 gen'ist=   26.7
  checkpoint: generation 1000 -> <runs>/trials/ga/seed_43/training/attempt_001/resume.pkl
  gen  1000 task= 1 train=  206.6 t0=  500.0 t1=  500.0 gen'ist=  500.0
  gen  1050 task= 1 train=  495.6 t0=  500.0 t1=  500.0 gen'ist=  500.0
  gen  1100 task= 1 train=  495.4 t0=  372.9 t1=  489.1 gen'ist=  372.9
  gen  1150 task= 1 train=  496.1 t0=   40.0 t1=  500.0 gen'ist=   40.0
  checkpoint: generation 1200 -> <runs>/trials/ga/seed_43/training/attempt_001/resume.pkl
  gen  1200 task= 0 train=   67.3 t0=  416.8 t1=  500.0 gen'ist=  416.8
  gen  1250 task= 0 train=  496.6 t0=  500.0 t1=   61.3 gen'ist=   61.3
  gen  1300 task= 0 train=  494.1 t0=  500.0 t1=   20.9 gen'ist=   20.9
  gen  1350 task= 0 train=  499.0 t0=  500.0 t1=   15.1 gen'ist=   15.1
  checkpoint: generation 1400 -> <runs>/trials/ga/seed_43/training/attempt_001/resume.pkl
  gen  1400 task= 1 train=   85.6 t0=  500.0 t1=  369.9 gen'ist=  369.9
  gen  1450 task= 1 train=  495.9 t0=  500.0 t1=  500.0 gen'ist=  500.0
  gen  1500 task= 1 train=  498.9 t0=  265.6 t1=  500.0 gen'ist=  265.6
  gen  1550 task= 1 train=  498.0 t0=   71.0 t1=  500.0 gen'ist=   71.0
  checkpoint: generation 1600 -> <runs>/trials/ga/seed_43/training/attempt_001/resume.pkl
  gen  1600 task= 0 train=  193.2 t0=  500.0 t1=  500.0 gen'ist=  500.0
  gen  1650 task= 0 train=  499.4 t0=  500.0 t1=  500.0 gen'ist=  500.0
  gen  1700 task= 0 train=  499.2 t0=  500.0 t1=  111.6 gen'ist=  111.6
  gen  1750 task= 0 train=  499.7 t0=  500.0 t1=   11.4 gen'ist=   11.4
  checkpoint: generation 1800 -> <runs>/trials/ga/seed_43/training/attempt_001/resume.pkl
  gen  1800 task= 1 train=   58.0 t0=  500.0 t1=  500.0 gen'ist=  500.0
  gen  1850 task= 1 train=  497.3 t0=  328.7 t1=  500.0 gen'ist=  328.7
  gen  1900 task= 1 train=  499.3 t0=  221.6 t1=  500.0 gen'ist=  221.6
  gen  1950 task= 1 train=  498.3 t0=  500.0 t1=  500.0 gen'ist=  500.0
  checkpoint: generation 2000 -> <runs>/trials/ga/seed_43/training/attempt_001/resume.pkl
  gen  2000 task= 0 train=  354.1 t0=  500.0 t1=  500.0 gen'ist=  500.0
  gen  2050 task= 0 train=  499.2 t0=  500.0 t1=  500.0 gen'ist=  500.0
  gen  2100 task= 0 train=  498.8 t0=  500.0 t1=  500.0 gen'ist=  500.0
  gen  2150 task= 0 train=  499.5 t0=  500.0 t1=  500.0 gen'ist=  500.0
  checkpoint: generation 2200 -> <runs>/trials/ga/seed_43/training/attempt_001/resume.pkl
  gen  2200 task= 1 train=  210.3 t0=  500.0 t1=  500.0 gen'ist=  500.0
  gen  2250 task= 1 train=  497.0 t0=  500.0 t1=  500.0 gen'ist=  500.0
  gen  2300 task= 1 train=  498.0 t0=   65.1 t1=  500.0 gen'ist=   65.1
  gen  2350 task= 1 train=  499.2 t0=  357.6 t1=  500.0 gen'ist=  357.6
  checkpoint: generation 2400 -> <runs>/trials/ga/seed_43/training/attempt_001/resume.pkl
  gen  2400 task= 0 train=  193.1 t0=  405.8 t1=  500.0 gen'ist=  405.8
  gen  2450 task= 0 train=  497.0 t0=  500.0 t1=  500.0 gen'ist=  500.0
  gen  2500 task= 0 train=  499.8 t0=  500.0 t1=  117.7 gen'ist=  117.7
  gen  2550 task= 0 train=  499.7 t0=  500.0 t1=  500.0 gen'ist=  500.0
  checkpoint: generation 2600 -> <runs>/trials/ga/seed_43/training/attempt_001/resume.pkl
  gen  2600 task= 1 train=  290.1 t0=  500.0 t1=  500.0 gen'ist=  500.0
  gen  2650 task= 1 train=  499.8 t0=  500.0 t1=  500.0 gen'ist=  500.0
  gen  2700 task= 1 train=  499.6 t0=  500.0 t1=  500.0 gen'ist=  500.0
  gen  2750 task= 1 train=  498.4 t0=   13.7 t1=  500.0 gen'ist=   13.7
  checkpoint: generation 2800 -> <runs>/trials/ga/seed_43/training/attempt_001/resume.pkl
  gen  2800 task= 0 train=  280.3 t0=  500.0 t1=  500.0 gen'ist=  500.0
  gen  2850 task= 0 train=  498.5 t0=  500.0 t1=  500.0 gen'ist=  500.0
  gen  2900 task= 0 train=  499.8 t0=  500.0 t1=   16.1 gen'ist=   16.1
  gen  2950 task= 0 train=  499.1 t0=  500.0 t1=  101.5 gen'ist=  101.5
  checkpoint: generation 3000 -> <runs>/trials/ga/seed_43/training/attempt_001/resume.pkl
  gen  3000 task= 1 train=  261.9 t0=  500.0 t1=  500.0 gen'ist=  500.0
  gen  3050 task= 1 train=  498.8 t0=  253.4 t1=  500.0 gen'ist=  253.4
  gen  3100 task= 1 train=  499.7 t0=   16.6 t1=  500.0 gen'ist=   16.6
  gen  3150 task= 1 train=  498.2 t0=  105.5 t1=  500.0 gen'ist=  105.5
  checkpoint: generation 3200 -> <runs>/trials/ga/seed_43/training/attempt_001/resume.pkl
  gen  3200 task= 0 train=  254.7 t0=  500.0 t1=  500.0 gen'ist=  500.0
  gen  3250 task= 0 train=  497.0 t0=  500.0 t1=  265.3 gen'ist=  265.3
  gen  3300 task= 0 train=  499.0 t0=  500.0 t1=  100.0 gen'ist=  100.0
  gen  3350 task= 0 train=  499.3 t0=  500.0 t1=  289.1 gen'ist=  289.1
  checkpoint: generation 3400 -> <runs>/trials/ga/seed_43/training/attempt_001/resume.pkl
  gen  3400 task= 1 train=  311.5 t0=  500.0 t1=  456.4 gen'ist=  456.4
  gen  3450 task= 1 train=  499.4 t0=   54.9 t1=  500.0 gen'ist=   54.9
  gen  3500 task= 1 train=  498.8 t0=   13.6 t1=  500.0 gen'ist=   13.6
  gen  3550 task= 1 train=  499.0 t0=  500.0 t1=  500.0 gen'ist=  500.0
  checkpoint: generation 3600 -> <runs>/trials/ga/seed_43/training/attempt_001/resume.pkl
  gen  3600 task= 0 train=  266.7 t0=  500.0 t1=  500.0 gen'ist=  500.0
  gen  3650 task= 0 train=  499.1 t0=  500.0 t1=  226.5 gen'ist=  226.5
  gen  3700 task= 0 train=  494.4 t0=  500.0 t1=   30.6 gen'ist=   30.6
  gen  3750 task= 0 train=  499.1 t0=  500.0 t1=   18.3 gen'ist=   18.3
  checkpoint: generation 3800 -> <runs>/trials/ga/seed_43/training/attempt_001/resume.pkl
  gen  3800 task= 1 train=  154.8 t0=  500.0 t1=  500.0 gen'ist=  500.0
  gen  3850 task= 1 train=  499.4 t0=  500.0 t1=  500.0 gen'ist=  500.0
  gen  3900 task= 1 train=  499.7 t0=  439.8 t1=  500.0 gen'ist=  439.8
  gen  3950 task= 1 train=  500.0 t0=  249.1 t1=  500.0 gen'ist=  249.1
  gen  3999 task= 1 train=  499.5 t0=  164.2 t1=  500.0 gen'ist=  164.2
  wrote <runs>/trials/ga/seed_43/training/attempt_001

Done. <runs>/trials/ga/seed_43/training/attempt_001
