======================================================================
gymnax | ga (ne) | CartPole-v1_sigma0.5 | continual | trial 6003
  environment    : CartPole-v1
  sub-task       : noise, sigma 0.5
  phases         : 4
  schedule       : switch, 2 sub-tasks
  matched budget : 6.144e+08 environment steps
  NOT MATCHED    : budget overridden (task_interval, episode_length, num_generations, pop_size)
  ne overrides   : ['sigma=0.224195451112929', 'searcher_kwargs.elite_ratio=0.0921597481719689'] []
  seed           : 6002
  boundary info  : none
  output         : $STUDY/cache/640ad2d17d201c65fa273ddfd465f897ee8f3ef622825379a75651463512ff4c/attempt_0001/seed_6002/training
======================================================================
/home/roland/.config/matplotlib is not a writable directory
Matplotlib created a temporary cache directory at /tmp/matplotlib-k9xrkeoq because there was an issue with the default path ({configdir}); it is highly recommended to set the MPLCONFIGDIR environment variable to a writable directory, in particular to speed up the import of Matplotlib and to better support multiprocessing.
  gen     0 task= 0 train=   11.9 t0=   32.7 t1=   48.0 gen'ist=   32.7
  gen    50 task= 0 train=  362.7 t0=  500.0 t1=  500.0 gen'ist=  500.0
  gen    79 task= 1 train=  371.3 t0=  500.0 t1=  500.0 gen'ist=  500.0
  wrote $STUDY/cache/640ad2d17d201c65fa273ddfd465f897ee8f3ef622825379a75651463512ff4c/attempt_0001/seed_6002/training

Done. $STUDY/cache/640ad2d17d201c65fa273ddfd465f897ee8f3ef622825379a75651463512ff4c/attempt_0001/seed_6002/training
