  gen     0 task= 0 train=   12.2 t0=  158.0 t1=   12.0 gen'ist=   12.0
  gen    50 task= 0 train=  394.5 t0=  500.0 t1=   44.5 gen'ist=   44.5
  gen   100 task= 0 train=  471.7 t0=  500.0 t1=   10.0 gen'ist=   10.0
  gen   150 task= 0 train=  484.0 t0=  500.0 t1=   13.0 gen'ist=   13.0
  checkpoint: generation 200 -> <runs>/trials/ga/seed_46/training/attempt_001/resume.pkl
  gen   200 task= 1 train=   30.5 t0=  349.7 t1=  499.0 gen'ist=  349.7
  gen   250 task= 1 train=  479.6 t0=   10.6 t1=  500.0 gen'ist=   10.6
  gen   300 task= 1 train=  483.9 t0=    9.8 t1=  500.0 gen'ist=    9.8
  gen   350 task= 1 train=  493.1 t0=   13.7 t1=  500.0 gen'ist=   13.7
  checkpoint: generation 400 -> <runs>/trials/ga/seed_46/training/attempt_001/resume.pkl
  gen   400 task= 0 train=   17.2 t0=  363.2 t1=  500.0 gen'ist=  363.2
  gen   450 task= 0 train=  493.4 t0=  500.0 t1=   10.6 gen'ist=   10.6
  gen   500 task= 0 train=  489.9 t0=  500.0 t1=    9.5 gen'ist=    9.5
  gen   550 task= 0 train=  492.7 t0=  500.0 t1=   11.9 gen'ist=   11.9
  checkpoint: generation 600 -> <runs>/trials/ga/seed_46/training/attempt_001/resume.pkl
  gen   600 task= 1 train=   22.3 t0=  500.0 t1=  447.2 gen'ist=  447.2
  gen   650 task= 1 train=  494.5 t0=   19.7 t1=  500.0 gen'ist=   19.7
  gen   700 task= 1 train=  489.6 t0=   14.0 t1=  500.0 gen'ist=   14.0
  gen   750 task= 1 train=  492.9 t0=   10.9 t1=  500.0 gen'ist=   10.9
  checkpoint: generation 800 -> <runs>/trials/ga/seed_46/training/attempt_001/resume.pkl
  gen   800 task= 0 train=   11.8 t0=  106.1 t1=  500.0 gen'ist=  106.1
  gen   850 task= 0 train=  495.9 t0=  500.0 t1=  122.0 gen'ist=  122.0
  gen   900 task= 0 train=  494.6 t0=  500.0 t1=   13.0 gen'ist=   13.0
  gen   950 task= 0 train=  496.9 t0=  500.0 t1=   10.8 gen'ist=   10.8
  checkpoint: generation 1000 -> <runs>/trials/ga/seed_46/training/attempt_001/resume.pkl
  gen  1000 task= 1 train=   52.1 t0=  355.2 t1=  500.0 gen'ist=  355.2
  gen  1050 task= 1 train=  497.8 t0=   10.3 t1=  500.0 gen'ist=   10.3
  gen  1100 task= 1 train=  498.0 t0=   15.5 t1=  500.0 gen'ist=   15.5
  gen  1150 task= 1 train=  494.5 t0=    9.6 t1=  500.0 gen'ist=    9.6
  checkpoint: generation 1200 -> <runs>/trials/ga/seed_46/training/attempt_001/resume.pkl
  gen  1200 task= 0 train=   13.9 t0=  500.0 t1=  452.1 gen'ist=  452.1
  gen  1250 task= 0 train=  496.5 t0=  500.0 t1=   33.7 gen'ist=   33.7
  gen  1300 task= 0 train=  495.6 t0=  500.0 t1=   10.5 gen'ist=   10.5
  gen  1350 task= 0 train=  496.8 t0=  500.0 t1=    9.0 gen'ist=    9.0
  checkpoint: generation 1400 -> <runs>/trials/ga/seed_46/training/attempt_001/resume.pkl
  gen  1400 task= 1 train=   25.8 t0=  500.0 t1=  257.7 gen'ist=  257.7
  gen  1450 task= 1 train=  496.8 t0=    9.6 t1=  500.0 gen'ist=    9.6
  gen  1500 task= 1 train=  498.6 t0=    9.6 t1=  500.0 gen'ist=    9.6
  gen  1550 task= 1 train=  497.9 t0=   10.8 t1=  500.0 gen'ist=   10.8
  checkpoint: generation 1600 -> <runs>/trials/ga/seed_46/training/attempt_001/resume.pkl
  gen  1600 task= 0 train=   48.4 t0=  500.0 t1=  500.0 gen'ist=  500.0
  gen  1650 task= 0 train=  499.1 t0=  500.0 t1=   15.0 gen'ist=   15.0
  gen  1700 task= 0 train=  497.3 t0=  500.0 t1=   23.9 gen'ist=   23.9
  gen  1750 task= 0 train=  498.4 t0=  498.1 t1=  261.3 gen'ist=  261.3
  checkpoint: generation 1800 -> <runs>/trials/ga/seed_46/training/attempt_001/resume.pkl
  gen  1800 task= 1 train=   36.6 t0=  499.8 t1=  500.0 gen'ist=  499.8
  gen  1850 task= 1 train=  498.9 t0=  337.6 t1=  500.0 gen'ist=  337.6
  gen  1900 task= 1 train=  498.7 t0=   12.4 t1=  497.5 gen'ist=   12.4
  gen  1950 task= 1 train=  497.9 t0=    9.6 t1=  500.0 gen'ist=    9.6
  checkpoint: generation 2000 -> <runs>/trials/ga/seed_46/training/attempt_001/resume.pkl
  gen  2000 task= 0 train=  133.7 t0=  304.7 t1=  500.0 gen'ist=  304.7
  gen  2050 task= 0 train=  495.9 t0=  500.0 t1=    9.9 gen'ist=    9.9
  gen  2100 task= 0 train=  499.7 t0=  500.0 t1=   13.7 gen'ist=   13.7
  gen  2150 task= 0 train=  497.1 t0=  500.0 t1=   11.2 gen'ist=   11.2
  checkpoint: generation 2200 -> <runs>/trials/ga/seed_46/training/attempt_001/resume.pkl
  gen  2200 task= 1 train=   27.6 t0=  306.5 t1=  500.0 gen'ist=  306.5
  gen  2250 task= 1 train=  495.4 t0=   12.0 t1=  500.0 gen'ist=   12.0
  gen  2300 task= 1 train=  497.0 t0=   64.5 t1=  500.0 gen'ist=   64.5
  gen  2350 task= 1 train=  499.2 t0=  129.9 t1=  500.0 gen'ist=  129.9
  checkpoint: generation 2400 -> <runs>/trials/ga/seed_46/training/attempt_001/resume.pkl
  gen  2400 task= 0 train=   21.7 t0=  500.0 t1=   91.1 gen'ist=   91.1
  gen  2450 task= 0 train=  495.2 t0=  500.0 t1=   16.9 gen'ist=   16.9
  gen  2500 task= 0 train=  496.9 t0=  500.0 t1=   10.4 gen'ist=   10.4
  gen  2550 task= 0 train=  498.4 t0=  500.0 t1=  500.0 gen'ist=  500.0
  checkpoint: generation 2600 -> <runs>/trials/ga/seed_46/training/attempt_001/resume.pkl
  gen  2600 task= 1 train=   36.6 t0=  500.0 t1=  500.0 gen'ist=  500.0
  gen  2650 task= 1 train=  495.7 t0=  132.9 t1=  500.0 gen'ist=  132.9
  gen  2700 task= 1 train=  498.1 t0=   11.7 t1=  500.0 gen'ist=   11.7
  gen  2750 task= 1 train=  494.8 t0=   15.9 t1=  500.0 gen'ist=   15.9
  checkpoint: generation 2800 -> <runs>/trials/ga/seed_46/training/attempt_001/resume.pkl
  gen  2800 task= 0 train=   38.2 t0=  500.0 t1=  500.0 gen'ist=  500.0
  gen  2850 task= 0 train=  497.0 t0=  500.0 t1=   20.4 gen'ist=   20.4
  gen  2900 task= 0 train=  494.3 t0=  500.0 t1=   10.6 gen'ist=   10.6
  gen  2950 task= 0 train=  496.4 t0=  500.0 t1=   10.7 gen'ist=   10.7
  checkpoint: generation 3000 -> <runs>/trials/ga/seed_46/training/attempt_001/resume.pkl
  gen  3000 task= 1 train=  129.0 t0=  500.0 t1=  403.7 gen'ist=  403.7
  gen  3050 task= 1 train=  499.4 t0=  451.4 t1=  500.0 gen'ist=  451.4
  gen  3100 task= 1 train=  499.0 t0=   66.8 t1=  500.0 gen'ist=   66.8
  gen  3150 task= 1 train=  498.2 t0=    9.1 t1=  500.0 gen'ist=    9.1
  checkpoint: generation 3200 -> <runs>/trials/ga/seed_46/training/attempt_001/resume.pkl
  gen  3200 task= 0 train=   58.0 t0=  500.0 t1=  500.0 gen'ist=  500.0
  gen  3250 task= 0 train=  494.8 t0=  500.0 t1=  500.0 gen'ist=  500.0
  gen  3300 task= 0 train=  499.5 t0=  500.0 t1=  180.2 gen'ist=  180.2
  gen  3350 task= 0 train=  499.8 t0=  500.0 t1=    9.8 gen'ist=    9.8
  checkpoint: generation 3400 -> <runs>/trials/ga/seed_46/training/attempt_001/resume.pkl
  gen  3400 task= 1 train=   54.8 t0=  500.0 t1=  500.0 gen'ist=  500.0
  gen  3450 task= 1 train=  499.8 t0=  203.7 t1=  500.0 gen'ist=  203.7
  gen  3500 task= 1 train=  497.8 t0=  117.9 t1=  500.0 gen'ist=  117.9
  gen  3550 task= 1 train=  498.1 t0=  130.3 t1=  500.0 gen'ist=  130.3
  checkpoint: generation 3600 -> <runs>/trials/ga/seed_46/training/attempt_001/resume.pkl
  gen  3600 task= 0 train=  116.4 t0=  500.0 t1=  500.0 gen'ist=  500.0
  gen  3650 task= 0 train=  498.4 t0=  500.0 t1=  451.8 gen'ist=  451.8
  gen  3700 task= 0 train=  499.2 t0=  500.0 t1=   79.8 gen'ist=   79.8
  gen  3750 task= 0 train=  500.0 t0=  500.0 t1=   12.8 gen'ist=   12.8
  checkpoint: generation 3800 -> <runs>/trials/ga/seed_46/training/attempt_001/resume.pkl
  gen  3800 task= 1 train=   52.5 t0=  500.0 t1=  500.0 gen'ist=  500.0
  gen  3850 task= 1 train=  499.0 t0=  315.2 t1=  500.0 gen'ist=  315.2
  gen  3900 task= 1 train=  498.7 t0=  500.0 t1=  500.0 gen'ist=  500.0
  gen  3950 task= 1 train=  497.6 t0=  500.0 t1=  500.0 gen'ist=  500.0
  gen  3999 task= 1 train=  499.6 t0=    9.9 t1=  500.0 gen'ist=    9.9
  wrote <runs>/trials/ga/seed_46/training/attempt_001

Done. <runs>/trials/ga/seed_46/training/attempt_001
