======================================================================
gymnax | ga (ne) | CartPole-v1_sigma0.5 | continual | trial 6002
  environment    : CartPole-v1
  sub-task       : noise, sigma 0.5
  phases         : 4
  schedule       : switch, 2 sub-tasks
  matched budget : 6.144e+08 environment steps
  NOT MATCHED    : budget overridden (task_interval, episode_length, num_generations, pop_size)
  ne overrides   : ['method=ga_focus', 'sigma=0.5', 'searcher_kwargs.elite_ratio=0.5', 'searcher_kwargs.cross_over_rate=0.0', 'searcher_kwargs.focus_rate=0.3', 'searcher_kwargs.sigma_rate=0.1', 'searcher_kwargs.track_target=0.9', 'searcher_kwargs.sigma_min=1e-05', 'searcher_kwargs.explore_fraction=0.25'] []
  seed           : 6001
  boundary info  : none
  output         : $STUDY/cache/ad3bd2445402a255e7a7f81b9359ed13af97d88918bb3f8ccc6abcb31528d806/attempt_0001/seed_6001/training
======================================================================
/home/roland/.config/matplotlib is not a writable directory
Matplotlib created a temporary cache directory at /tmp/matplotlib-ca5dsiqq because there was an issue with the default path ({configdir}); it is highly recommended to set the MPLCONFIGDIR environment variable to a writable directory, in particular to speed up the import of Matplotlib and to better support multiprocessing.
  gen     0 task= 0 train=   11.1 t0=   70.7 t1=   85.7 gen'ist=   70.7
  gen    50 task= 0 train=  460.3 t0=  500.0 t1=   81.0 gen'ist=   81.0
  gen    79 task= 1 train=  487.5 t0=   23.7 t1=  306.7 gen'ist=   23.7
  wrote $STUDY/cache/ad3bd2445402a255e7a7f81b9359ed13af97d88918bb3f8ccc6abcb31528d806/attempt_0001/seed_6001/training

Done. $STUDY/cache/ad3bd2445402a255e7a7f81b9359ed13af97d88918bb3f8ccc6abcb31528d806/attempt_0001/seed_6001/training
