  gen     0 task= 0 train=   13.8 t0=  197.4 t1=   45.9 gen'ist=   45.9
  gen    50 task= 0 train=  396.3 t0=  500.0 t1=  375.0 gen'ist=  375.0
  gen   100 task= 0 train=  471.1 t0=  500.0 t1=  475.3 gen'ist=  475.3
  gen   150 task= 0 train=  485.6 t0=  500.0 t1=  500.0 gen'ist=  500.0
  checkpoint: generation 200 -> <runs>/trials/ga/seed_44/training/attempt_001/resume.pkl
  gen   200 task= 1 train=  344.5 t0=  500.0 t1=  500.0 gen'ist=  500.0
  gen   250 task= 1 train=  490.6 t0=  500.0 t1=  500.0 gen'ist=  500.0
  gen   300 task= 1 train=  494.3 t0=  500.0 t1=  500.0 gen'ist=  500.0
  gen   350 task= 1 train=  493.0 t0=   72.2 t1=  500.0 gen'ist=   72.2
  checkpoint: generation 400 -> <runs>/trials/ga/seed_44/training/attempt_001/resume.pkl
  gen   400 task= 0 train=  436.7 t0=  500.0 t1=  500.0 gen'ist=  500.0
  gen   450 task= 0 train=  490.7 t0=  426.3 t1=  500.0 gen'ist=  426.3
  gen   500 task= 0 train=  497.3 t0=  500.0 t1=  500.0 gen'ist=  500.0
  gen   550 task= 0 train=  493.3 t0=  500.0 t1=  500.0 gen'ist=  500.0
  checkpoint: generation 600 -> <runs>/trials/ga/seed_44/training/attempt_001/resume.pkl
  gen   600 task= 1 train=  458.7 t0=  500.0 t1=  500.0 gen'ist=  500.0
  gen   650 task= 1 train=  497.4 t0=  500.0 t1=  500.0 gen'ist=  500.0
  gen   700 task= 1 train=  497.2 t0=   64.3 t1=  500.0 gen'ist=   64.3
  gen   750 task= 1 train=  497.1 t0=  500.0 t1=  500.0 gen'ist=  500.0
  checkpoint: generation 800 -> <runs>/trials/ga/seed_44/training/attempt_001/resume.pkl
  gen   800 task= 0 train=  402.7 t0=  500.0 t1=  452.1 gen'ist=  452.1
  gen   850 task= 0 train=  497.6 t0=  500.0 t1=  500.0 gen'ist=  500.0
  gen   900 task= 0 train=  496.4 t0=  500.0 t1=  500.0 gen'ist=  500.0
  gen   950 task= 0 train=  496.4 t0=  500.0 t1=  500.0 gen'ist=  500.0
  checkpoint: generation 1000 -> <runs>/trials/ga/seed_44/training/attempt_001/resume.pkl
  gen  1000 task= 1 train=  380.9 t0=  500.0 t1=  500.0 gen'ist=  500.0
  gen  1050 task= 1 train=  498.1 t0=  500.0 t1=  500.0 gen'ist=  500.0
  gen  1100 task= 1 train=  499.1 t0=  500.0 t1=  500.0 gen'ist=  500.0
  gen  1150 task= 1 train=  497.7 t0=  500.0 t1=  500.0 gen'ist=  500.0
  checkpoint: generation 1200 -> <runs>/trials/ga/seed_44/training/attempt_001/resume.pkl
  gen  1200 task= 0 train=  321.1 t0=  500.0 t1=  500.0 gen'ist=  500.0
  gen  1250 task= 0 train=  499.0 t0=  500.0 t1=  500.0 gen'ist=  500.0
  gen  1300 task= 0 train=  497.5 t0=  500.0 t1=  500.0 gen'ist=  500.0
  gen  1350 task= 0 train=  498.8 t0=  500.0 t1=  500.0 gen'ist=  500.0
  checkpoint: generation 1400 -> <runs>/trials/ga/seed_44/training/attempt_001/resume.pkl
  gen  1400 task= 1 train=  213.3 t0=  500.0 t1=  500.0 gen'ist=  500.0
  gen  1450 task= 1 train=  497.9 t0=  500.0 t1=  500.0 gen'ist=  500.0
  gen  1500 task= 1 train=  499.1 t0=  500.0 t1=  500.0 gen'ist=  500.0
  gen  1550 task= 1 train=  499.0 t0=  500.0 t1=  500.0 gen'ist=  500.0
  checkpoint: generation 1600 -> <runs>/trials/ga/seed_44/training/attempt_001/resume.pkl
  gen  1600 task= 0 train=  348.5 t0=  500.0 t1=  500.0 gen'ist=  500.0
  gen  1650 task= 0 train=  499.0 t0=  500.0 t1=  500.0 gen'ist=  500.0
  gen  1700 task= 0 train=  499.9 t0=  500.0 t1=  500.0 gen'ist=  500.0
  gen  1750 task= 0 train=  499.4 t0=  500.0 t1=  500.0 gen'ist=  500.0
  checkpoint: generation 1800 -> <runs>/trials/ga/seed_44/training/attempt_001/resume.pkl
  gen  1800 task= 1 train=  435.6 t0=  500.0 t1=  500.0 gen'ist=  500.0
  gen  1850 task= 1 train=  500.0 t0=  500.0 t1=  500.0 gen'ist=  500.0
  gen  1900 task= 1 train=  499.1 t0=  500.0 t1=  500.0 gen'ist=  500.0
  gen  1950 task= 1 train=  498.4 t0=  500.0 t1=  500.0 gen'ist=  500.0
  checkpoint: generation 2000 -> <runs>/trials/ga/seed_44/training/attempt_001/resume.pkl
  gen  2000 task= 0 train=  468.3 t0=  500.0 t1=  500.0 gen'ist=  500.0
  gen  2050 task= 0 train=  497.7 t0=  500.0 t1=  500.0 gen'ist=  500.0
  gen  2100 task= 0 train=  499.0 t0=  500.0 t1=  500.0 gen'ist=  500.0
  gen  2150 task= 0 train=  498.5 t0=  500.0 t1=  500.0 gen'ist=  500.0
  checkpoint: generation 2200 -> <runs>/trials/ga/seed_44/training/attempt_001/resume.pkl
  gen  2200 task= 1 train=  441.9 t0=  500.0 t1=  500.0 gen'ist=  500.0
  gen  2250 task= 1 train=  498.7 t0=  500.0 t1=  500.0 gen'ist=  500.0
  gen  2300 task= 1 train=  498.6 t0=  500.0 t1=  500.0 gen'ist=  500.0
  gen  2350 task= 1 train=  499.6 t0=  131.5 t1=  500.0 gen'ist=  131.5
  checkpoint: generation 2400 -> <runs>/trials/ga/seed_44/training/attempt_001/resume.pkl
  gen  2400 task= 0 train=  385.1 t0=  500.0 t1=  500.0 gen'ist=  500.0
  gen  2450 task= 0 train=  499.7 t0=  500.0 t1=  500.0 gen'ist=  500.0
  gen  2500 task= 0 train=  498.9 t0=  500.0 t1=  500.0 gen'ist=  500.0
  gen  2550 task= 0 train=  499.0 t0=  500.0 t1=  500.0 gen'ist=  500.0
  checkpoint: generation 2600 -> <runs>/trials/ga/seed_44/training/attempt_001/resume.pkl
  gen  2600 task= 1 train=  437.9 t0=  500.0 t1=  500.0 gen'ist=  500.0
  gen  2650 task= 1 train=  499.2 t0=  500.0 t1=  500.0 gen'ist=  500.0
  gen  2700 task= 1 train=  498.7 t0=  500.0 t1=  500.0 gen'ist=  500.0
  gen  2750 task= 1 train=  500.0 t0=  500.0 t1=  500.0 gen'ist=  500.0
  checkpoint: generation 2800 -> <runs>/trials/ga/seed_44/training/attempt_001/resume.pkl
  gen  2800 task= 0 train=  471.1 t0=  500.0 t1=  500.0 gen'ist=  500.0
  gen  2850 task= 0 train=  499.6 t0=  500.0 t1=  500.0 gen'ist=  500.0
  gen  2900 task= 0 train=  499.9 t0=  500.0 t1=  500.0 gen'ist=  500.0
  gen  2950 task= 0 train=  499.7 t0=  500.0 t1=  500.0 gen'ist=  500.0
  checkpoint: generation 3000 -> <runs>/trials/ga/seed_44/training/attempt_001/resume.pkl
  gen  3000 task= 1 train=  472.1 t0=  500.0 t1=  500.0 gen'ist=  500.0
  gen  3050 task= 1 train=  499.8 t0=  500.0 t1=  500.0 gen'ist=  500.0
  gen  3100 task= 1 train=  499.3 t0=  166.9 t1=  500.0 gen'ist=  166.9
  gen  3150 task= 1 train=  499.1 t0=  437.2 t1=  500.0 gen'ist=  437.2
  checkpoint: generation 3200 -> <runs>/trials/ga/seed_44/training/attempt_001/resume.pkl
  gen  3200 task= 0 train=  384.8 t0=  489.3 t1=  500.0 gen'ist=  489.3
  gen  3250 task= 0 train=  497.4 t0=  500.0 t1=  500.0 gen'ist=  500.0
  gen  3300 task= 0 train=  498.6 t0=  500.0 t1=  500.0 gen'ist=  500.0
  gen  3350 task= 0 train=  498.8 t0=  500.0 t1=  410.3 gen'ist=  410.3
  checkpoint: generation 3400 -> <runs>/trials/ga/seed_44/training/attempt_001/resume.pkl
  gen  3400 task= 1 train=  459.3 t0=  500.0 t1=  500.0 gen'ist=  500.0
  gen  3450 task= 1 train=  499.7 t0=  500.0 t1=  500.0 gen'ist=  500.0
  gen  3500 task= 1 train=  500.0 t0=  500.0 t1=  500.0 gen'ist=  500.0
  gen  3550 task= 1 train=  499.4 t0=  500.0 t1=  500.0 gen'ist=  500.0
  checkpoint: generation 3600 -> <runs>/trials/ga/seed_44/training/attempt_001/resume.pkl
  gen  3600 task= 0 train=  490.4 t0=  500.0 t1=  500.0 gen'ist=  500.0
  gen  3650 task= 0 train=  498.2 t0=  500.0 t1=  404.0 gen'ist=  404.0
  gen  3700 task= 0 train=  499.7 t0=  500.0 t1=  500.0 gen'ist=  500.0
  gen  3750 task= 0 train=  498.3 t0=  500.0 t1=   19.9 gen'ist=   19.9
  checkpoint: generation 3800 -> <runs>/trials/ga/seed_44/training/attempt_001/resume.pkl
  gen  3800 task= 1 train=  412.2 t0=  500.0 t1=  500.0 gen'ist=  500.0
  gen  3850 task= 1 train=  499.1 t0=  500.0 t1=  500.0 gen'ist=  500.0
  gen  3900 task= 1 train=  499.7 t0=  500.0 t1=  500.0 gen'ist=  500.0
  gen  3950 task= 1 train=  499.7 t0=   32.5 t1=  500.0 gen'ist=   32.5
  gen  3999 task= 1 train=  498.8 t0=   15.2 t1=  500.0 gen'ist=   15.2
  wrote <runs>/trials/ga/seed_44/training/attempt_001

Done. <runs>/trials/ga/seed_44/training/attempt_001
