======================================================================
gymnax | ppo (rl) | CartPole-v1_sigma0.5 | continual | trial 1002
  environment    : CartPole-v1
  sub-task       : noise, sigma 0.5
  phases         : 4
  schedule       : switch, 2 sub-tasks
  matched budget : 6.144e+08 environment steps
  NOT MATCHED    : budget overridden (task_interval, episode_length, num_updates, num_envs, num_steps)
  ppo overrides  : {'num_envs': 256, 'num_steps': 50, 'num_minibatches': 8}
  seed           : 1001
  boundary info  : none
  output         : <runs>/trials/pilot-switching/ppo/seed_1001/training/attempt_001
======================================================================
  update     0 task= 0 H=0.683 t0=   93.4 t1=   18.8 gen'ist=   18.8
  update   100 task= 0 H=0.512 t0=  500.0 t1=  305.2 gen'ist=  305.2
  update   200 task= 1 H=0.562 t0=  119.3 t1=  487.1 gen'ist=  119.3
  update   300 task= 0 H=0.546 t0=  225.6 t1=  308.2 gen'ist=  225.6
  update   400 task= 0 H=0.542 t0=  500.0 t1=  190.2 gen'ist=  190.2
  update   500 task= 1 H=0.536 t0=  246.1 t1=  500.0 gen'ist=  246.1
  update   599 task= 1 H=0.535 t0=  403.7 t1=  500.0 gen'ist=  403.7
  wrote <runs>/trials/pilot-switching/ppo/seed_1001/training/attempt_001

Done. <runs>/trials/pilot-switching/ppo/seed_1001/training/attempt_001
